// Jest Snapshot v1, https://goo.gl/fbAQLP

exports[`render the  home  page 1`] = `
<BrowserRouter>
  <Router
    history={
      Object {
        "action": "POP",
        "block": [Function],
        "createHref": [Function],
        "go": [Function],
        "goBack": [Function],
        "goForward": [Function],
        "length": 1,
        "listen": [Function],
        "location": Object {
          "hash": "",
          "pathname": "/",
          "search": "",
          "state": undefined,
        },
        "push": [Function],
        "replace": [Function],
      }
    }
  >
    <Home>
      <styled.div>
        <div
          className="sc-gsTEea cZvBGO"
        >
          <MoviesList
            movies={
              Array [
                Object {
                  "genres": Array [
                    "genre1",
                    "genre2",
                  ],
                  "id": "movie1Id",
                  "poster": "movie1Poster",
                  "title": "movie1",
                },
                Object {
                  "genres": Array [
                    "genre3",
                    "genre4",
                  ],
                  "id": "movie2Id",
                  "poster": "movie2Poster",
                  "title": "movie2",
                },
                Object {
                  "genres": Array [
                    "genre4",
                    "genre5",
                  ],
                  "id": "movie3Id",
                  "poster": "movie3Poster",
                  "title": "movie3",
                },
              ]
            }
          >
            <h3>
              genre1
            </h3>
            <MovieDisplay
              id="movie1Id"
              key="movie1Id"
              poster="movie1Poster"
              title="movie1"
            >
              <Link
                to="/movies/movie1/movie1Id"
              >
                <LinkAnchor
                  href="/movies/movie1/movie1Id"
                  navigate={[Function]}
                >
                  <a
                    href="/movies/movie1/movie1Id"
                    onClick={[Function]}
                  >
                    <styled.img
                      alt="Movie Display"
                      src="movie1Poster"
                    >
                      <img
                        alt="Movie Display"
                        className="sc-bdfBQB hxIEss"
                        src="movie1Poster"
                      />
                    </styled.img>
                  </a>
                </LinkAnchor>
              </Link>
            </MovieDisplay>
            <h3>
              genre2
            </h3>
            <MovieDisplay
              id="movie1Id"
              key="movie1Id"
              poster="movie1Poster"
              title="movie1"
            >
              <Link
                to="/movies/movie1/movie1Id"
              >
                <LinkAnchor
                  href="/movies/movie1/movie1Id"
                  navigate={[Function]}
                >
                  <a
                    href="/movies/movie1/movie1Id"
                    onClick={[Function]}
                  >
                    <styled.img
                      alt="Movie Display"
                      src="movie1Poster"
                    >
                      <img
                        alt="Movie Display"
                        className="sc-bdfBQB hxIEss"
                        src="movie1Poster"
                      />
                    </styled.img>
                  </a>
                </LinkAnchor>
              </Link>
            </MovieDisplay>
            <h3>
              genre3
            </h3>
            <MovieDisplay
              id="movie2Id"
              key="movie2Id"
              poster="movie2Poster"
              title="movie2"
            >
              <Link
                to="/movies/movie2/movie2Id"
              >
                <LinkAnchor
                  href="/movies/movie2/movie2Id"
                  navigate={[Function]}
                >
                  <a
                    href="/movies/movie2/movie2Id"
                    onClick={[Function]}
                  >
                    <styled.img
                      alt="Movie Display"
                      src="movie2Poster"
                    >
                      <img
                        alt="Movie Display"
                        className="sc-bdfBQB hxIEss"
                        src="movie2Poster"
                      />
                    </styled.img>
                  </a>
                </LinkAnchor>
              </Link>
            </MovieDisplay>
            <h3>
              genre4
            </h3>
            <MovieDisplay
              id="movie2Id"
              key="movie2Id"
              poster="movie2Poster"
              title="movie2"
            >
              <Link
                to="/movies/movie2/movie2Id"
              >
                <LinkAnchor
                  href="/movies/movie2/movie2Id"
                  navigate={[Function]}
                >
                  <a
                    href="/movies/movie2/movie2Id"
                    onClick={[Function]}
                  >
                    <styled.img
                      alt="Movie Display"
                      src="movie2Poster"
                    >
                      <img
                        alt="Movie Display"
                        className="sc-bdfBQB hxIEss"
                        src="movie2Poster"
                      />
                    </styled.img>
                  </a>
                </LinkAnchor>
              </Link>
            </MovieDisplay>
            <MovieDisplay
              id="movie3Id"
              key="movie3Id"
              poster="movie3Poster"
              title="movie3"
            >
              <Link
                to="/movies/movie3/movie3Id"
              >
                <LinkAnchor
                  href="/movies/movie3/movie3Id"
                  navigate={[Function]}
                >
                  <a
                    href="/movies/movie3/movie3Id"
                    onClick={[Function]}
                  >
                    <styled.img
                      alt="Movie Display"
                      src="movie3Poster"
                    >
                      <img
                        alt="Movie Display"
                        className="sc-bdfBQB hxIEss"
                        src="movie3Poster"
                      />
                    </styled.img>
                  </a>
                </LinkAnchor>
              </Link>
            </MovieDisplay>
            <h3>
              genre5
            </h3>
            <MovieDisplay
              id="movie3Id"
              key="movie3Id"
              poster="movie3Poster"
              title="movie3"
            >
              <Link
                to="/movies/movie3/movie3Id"
              >
                <LinkAnchor
                  href="/movies/movie3/movie3Id"
                  navigate={[Function]}
                >
                  <a
                    href="/movies/movie3/movie3Id"
                    onClick={[Function]}
                  >
                    <styled.img
                      alt="Movie Display"
                      src="movie3Poster"
                    >
                      <img
                        alt="Movie Display"
                        className="sc-bdfBQB hxIEss"
                        src="movie3Poster"
                      />
                    </styled.img>
                  </a>
                </LinkAnchor>
              </Link>
            </MovieDisplay>
          </MoviesList>
        </div>
      </styled.div>
    </Home>
  </Router>
</BrowserRouter>
`;
