// Jest Snapshot v1, https://goo.gl/fbAQLP

exports[`List movie titles 1`] = `
<App>
  <div
    className="App"
  >
    <header
      className="App-header"
    >
      <ListMovies
        movies={
          Array [
            Object {
              "id": "movie1Id",
              "title": "movie1",
            },
          ]
        }
      >
        <span
          key="movie1Id"
        >
          movie1
        </span>
      </ListMovies>
      <img
        alt="logo"
        className="App-logo"
        src="logo.svg"
      />
      <p>
        Edit 
        <code>
          src/App.tsx
        </code>
         and save to reload.
      </p>
      <a
        className="App-link"
        href="https://reactjs.org"
        rel="noopener noreferrer"
        target="_blank"
      >
        Learn React
      </a>
    </header>
  </div>
</App>
`;
